[34m2023-10-27,23:27:30 [0m[34mtest_zwebui.py::test_0001_validate_schema[85] [DEBUG]:[0m.
[34m2023-10-27,23:27:30 [0m[34mtest_zwebui.py::test_0001_validate_schema[85] [DEBUG]:[0m.
[34m2023-10-27,23:27:30 [0m[34mtest_zwebui.py::test_0010_create_instance[107] [DEBUG]:[0m.
[34m2023-10-27,23:27:30 [0m[34mtest_zwebui.py::test_0010_create_instance[107] [DEBUG]:[0m.
[34m2023-10-27,23:27:30 [0m[34mweb_field.py::__init__[18] [DEBUG]:[0mStored: [{"module_name": "test_zwebui", "table_obj": "SiteMain", "fields": {"si_site_id": {"field_db": "id", "key": true}, "si_site_name": {"field_db": "site_name", "validation": {"required": true, "text_min_len": 3, "text_max_len": 20}}, "si_site_code": {"field_db": "site_code", "validation": {"required": true, "text_max_len": 5}}, "si_site_desc": {"field_db": "site_desc", "validation": {"required": false, "text_max_len": 200}}}}]
[34m2023-10-27,23:27:30 [0m[34mweb_field.py::__init__[18] [DEBUG]:[0mStored: [{"module_name": "test_zwebui", "table_obj": "SiteMain", "fields": {"si_site_id": {"field_db": "id", "key": true}, "si_site_name": {"field_db": "site_name", "validation": {"required": true, "text_min_len": 3, "text_max_len": 20}}, "si_site_code": {"field_db": "site_code", "validation": {"required": true, "text_max_len": 5}}, "si_site_desc": {"field_db": "site_desc", "validation": {"required": false, "text_max_len": 200}}}}]
[34m2023-10-27,23:27:30 [0m[34mtest_zwebui.py::test_0020_get_field_schema[114] [DEBUG]:[0m.
[34m2023-10-27,23:27:30 [0m[34mtest_zwebui.py::test_0020_get_field_schema[114] [DEBUG]:[0m.
[34m2023-10-27,23:27:30 [0m[34mweb_field.py::__init__[18] [DEBUG]:[0mStored: [{"module_name": "test_zwebui", "table_obj": "SiteMain", "fields": {"si_site_id": {"field_db": "id", "key": true}, "si_site_name": {"field_db": "site_name", "validation": {"required": true, "text_min_len": 3, "text_max_len": 20}}, "si_site_code": {"field_db": "site_code", "validation": {"required": true, "text_max_len": 5}}, "si_site_desc": {"field_db": "site_desc", "validation": {"required": false, "text_max_len": 200}}}}]
[34m2023-10-27,23:27:30 [0m[34mweb_field.py::__init__[18] [DEBUG]:[0mStored: [{"module_name": "test_zwebui", "table_obj": "SiteMain", "fields": {"si_site_id": {"field_db": "id", "key": true}, "si_site_name": {"field_db": "site_name", "validation": {"required": true, "text_min_len": 3, "text_max_len": 20}}, "si_site_code": {"field_db": "site_code", "validation": {"required": true, "text_max_len": 5}}, "si_site_desc": {"field_db": "site_desc", "validation": {"required": false, "text_max_len": 200}}}}]
[34m2023-10-27,23:27:30 [0m[34mtest_zwebui.py::test_0025_create_record[143] [DEBUG]:[0m.
[34m2023-10-27,23:27:30 [0m[34mtest_zwebui.py::test_0025_create_record[143] [DEBUG]:[0m.
[34m2023-10-27,23:27:30 [0m[34mweb_field.py::__init__[18] [DEBUG]:[0mStored: [{"module_name": "test_zwebui", "table_obj": "SiteMain", "fields": {"si_site_id": {"field_db": "id", "key": true}, "si_site_name": {"field_db": "site_name", "validation": {"required": true, "text_min_len": 3, "text_max_len": 20}}, "si_site_code": {"field_db": "site_code", "validation": {"required": true, "text_max_len": 5}}, "si_site_desc": {"field_db": "site_desc", "validation": {"required": false, "text_max_len": 200}}}}]
[34m2023-10-27,23:27:30 [0m[34mweb_field.py::__init__[18] [DEBUG]:[0mStored: [{"module_name": "test_zwebui", "table_obj": "SiteMain", "fields": {"si_site_id": {"field_db": "id", "key": true}, "si_site_name": {"field_db": "site_name", "validation": {"required": true, "text_min_len": 3, "text_max_len": 20}}, "si_site_code": {"field_db": "site_code", "validation": {"required": true, "text_max_len": 5}}, "si_site_desc": {"field_db": "site_desc", "validation": {"required": false, "text_max_len": 200}}}}]
[34m2023-10-27,23:27:30 [0m[34mdata_ui_model.py::_data_validate[141] [DEBUG]:[0mvalidating data
[34m2023-10-27,23:27:30 [0m[34mdata_ui_model.py::_data_validate[141] [DEBUG]:[0mvalidating data
[34m2023-10-27,23:27:30 [0m[34mdata_ui_model.py::_data_validate[142] [DEBUG]:[0m[{'id': 'si_site_id', 'value': ''}, {'id': 'si_site_name', 'value': 'ccccccccccccccccccccccccccccccccccccc'}, {'id': 'si_site_desc', 'value': 'abc2'}, {'id': 'si_site_code', 'value': 'abc3'}]
[34m2023-10-27,23:27:30 [0m[34mdata_ui_model.py::_data_validate[142] [DEBUG]:[0m[{'id': 'si_site_id', 'value': ''}, {'id': 'si_site_name', 'value': 'ccccccccccccccccccccccccccccccccccccc'}, {'id': 'si_site_desc', 'value': 'abc2'}, {'id': 'si_site_code', 'value': 'abc3'}]
[34m2023-10-27,23:27:30 [0m?[34mzohavi.zwebui.web_field.py::WebField.validate [34m[35] [32m[FUNC CALL]:[0mARGS[(<zohavi.zwebui.web_field.WebField object at 0x7f51d8a9af50>, [{'id': 'si_site_id', 'value': ''}, {'id': 'si_site_name', 'value': 'ccccccccccccccccccccccccccccccccccccc'}, {'id': 'si_site_desc', 'value': 'abc2'}, {'id': 'si_site_code', 'value': 'abc3'}])] KWARGS[{}]
[34m2023-10-27,23:27:30 [0m?[34mzohavi.zwebui.web_field.py::WebField.validate [34m[35] [32m[FUNC CALL]:[0mARGS[(<zohavi.zwebui.web_field.WebField object at 0x7f51d8a9af50>, [{'id': 'si_site_id', 'value': ''}, {'id': 'si_site_name', 'value': 'ccccccccccccccccccccccccccccccccccccc'}, {'id': 'si_site_desc', 'value': 'abc2'}, {'id': 'si_site_code', 'value': 'abc3'}])] KWARGS[{}]
[34m2023-10-27,23:27:30 [0m[34mweb_field.py::validate[40] [DEBUG]:[0mvalidating:[{"id": "si_site_id", "value": ""}, {"id": "si_site_name", "value": "ccccccccccccccccccccccccccccccccccccc"}, {"id": "si_site_desc", "value": "abc2"}, {"id": "si_site_code", "value": "abc3"}]
[34m2023-10-27,23:27:30 [0m[34mweb_field.py::validate[40] [DEBUG]:[0mvalidating:[{"id": "si_site_id", "value": ""}, {"id": "si_site_name", "value": "ccccccccccccccccccccccccccccccccccccc"}, {"id": "si_site_desc", "value": "abc2"}, {"id": "si_site_code", "value": "abc3"}]
[34m2023-10-27,23:27:30 [0m[34mweb_field.py::validate[41] [DEBUG]:[0mMaster:[{"module_name": "test_zwebui", "table_obj": "SiteMain", "fields": {"si_site_id": {"field_db": "id", "key": true}, "si_site_name": {"field_db": "site_name", "validation": {"required": true, "text_min_len": 3, "text_max_len": 20}}, "si_site_code": {"field_db": "site_code", "validation": {"required": true, "text_max_len": 5}}, "si_site_desc": {"field_db": "site_desc", "validation": {"required": false, "text_max_len": 200}}}}]
[34m2023-10-27,23:27:30 [0m[34mweb_field.py::validate[41] [DEBUG]:[0mMaster:[{"module_name": "test_zwebui", "table_obj": "SiteMain", "fields": {"si_site_id": {"field_db": "id", "key": true}, "si_site_name": {"field_db": "site_name", "validation": {"required": true, "text_min_len": 3, "text_max_len": 20}}, "si_site_code": {"field_db": "site_code", "validation": {"required": true, "text_max_len": 5}}, "si_site_desc": {"field_db": "site_desc", "validation": {"required": false, "text_max_len": 200}}}}]
[34m2023-10-27,23:27:30 [0m[34mweb_field.py::validate[55] [DEBUG]:[0m Checking validation si_site_name=>[ccccccccccccccccccccccccccccccccccccc] Rule:{"required": true, "text_min_len": 3, "text_max_len": 20} 
[34m2023-10-27,23:27:30 [0m[34mweb_field.py::validate[55] [DEBUG]:[0m Checking validation si_site_name=>[ccccccccccccccccccccccccccccccccccccc] Rule:{"required": true, "text_min_len": 3, "text_max_len": 20} 
[34m2023-10-27,23:27:30 [0m[34mweb_field.py::_validate_run_validation_rule[86] [DEBUG]:[0m data_value=ccccccccccccccccccccccccccccccccccccc; validation_rule={"required": true, "text_min_len": 3, "text_max_len": 20}
[34m2023-10-27,23:27:30 [0m[34mweb_field.py::_validate_run_validation_rule[86] [DEBUG]:[0m data_value=ccccccccccccccccccccccccccccccccccccc; validation_rule={"required": true, "text_min_len": 3, "text_max_len": 20}
[34m2023-10-27,23:27:30 [0m[31mweb_field.py::log[289] [ERROR]:[0mValidation Failure: Value [ccccccccccccccccccccccccccccccccccccc] should be max length of 20, but actual length is 37
[34m2023-10-27,23:27:30 [0m[31mweb_field.py::log[289] [ERROR]:[0mValidation Failure: Value [ccccccccccccccccccccccccccccccccccccc] should be max length of 20, but actual length is 37
[34m2023-10-27,23:27:30 [0m[34mweb_field.py::_validate_run_validation_rule[102] [DEBUG]:[0mReturning validation check from :{"required": true, "text_min_len": 3, "text_max_len": 20} => False
[34m2023-10-27,23:27:30 [0m[34mweb_field.py::_validate_run_validation_rule[102] [DEBUG]:[0mReturning validation check from :{"required": true, "text_min_len": 3, "text_max_len": 20} => False
[34m2023-10-27,23:27:30 [0m[34mweb_field.py::validate[55] [DEBUG]:[0m Checking validation si_site_desc=>[abc2] Rule:{"required": false, "text_max_len": 200} 
[34m2023-10-27,23:27:30 [0m[34mweb_field.py::validate[55] [DEBUG]:[0m Checking validation si_site_desc=>[abc2] Rule:{"required": false, "text_max_len": 200} 
[34m2023-10-27,23:27:30 [0m[34mweb_field.py::_validate_run_validation_rule[86] [DEBUG]:[0m data_value=abc2; validation_rule={"required": false, "text_max_len": 200}
[34m2023-10-27,23:27:30 [0m[34mweb_field.py::_validate_run_validation_rule[86] [DEBUG]:[0m data_value=abc2; validation_rule={"required": false, "text_max_len": 200}
[34m2023-10-27,23:27:30 [0m[34mweb_field.py::_validate_run_validation_rule[102] [DEBUG]:[0mReturning validation check from :{"required": false, "text_max_len": 200} => False
[34m2023-10-27,23:27:30 [0m[34mweb_field.py::_validate_run_validation_rule[102] [DEBUG]:[0mReturning validation check from :{"required": false, "text_max_len": 200} => False
[34m2023-10-27,23:27:30 [0m[34mweb_field.py::validate[55] [DEBUG]:[0m Checking validation si_site_code=>[abc3] Rule:{"required": true, "text_max_len": 5} 
[34m2023-10-27,23:27:30 [0m[34mweb_field.py::validate[55] [DEBUG]:[0m Checking validation si_site_code=>[abc3] Rule:{"required": true, "text_max_len": 5} 
[34m2023-10-27,23:27:30 [0m[34mweb_field.py::_validate_run_validation_rule[86] [DEBUG]:[0m data_value=abc3; validation_rule={"required": true, "text_max_len": 5}
[34m2023-10-27,23:27:30 [0m[34mweb_field.py::_validate_run_validation_rule[86] [DEBUG]:[0m data_value=abc3; validation_rule={"required": true, "text_max_len": 5}
[34m2023-10-27,23:27:30 [0m[34mweb_field.py::_validate_run_validation_rule[102] [DEBUG]:[0mReturning validation check from :{"required": true, "text_max_len": 5} => False
[34m2023-10-27,23:27:30 [0m[34mweb_field.py::_validate_run_validation_rule[102] [DEBUG]:[0mReturning validation check from :{"required": true, "text_max_len": 5} => False
[34m2023-10-27,23:27:30 [0m[31mdata_ui_model.py::_data_validate[146] [ERROR]:[0mValidation checks completed - result: failed
[34m2023-10-27,23:27:30 [0m[31mdata_ui_model.py::_data_validate[146] [ERROR]:[0mValidation checks completed - result: failed
[34m2023-10-27,23:27:30 [0m[34mdata_ui_model.py::_data_validate[147] [DEBUG]:[0m****:{"success": false, "validations": [{"web_field_name": "si_site_name", "success": true, "rule": "required", "value": "ccccccccccccccccccccccccccccccccccccc", "param": true, "err_no": "", "err_msg": ""}, {"web_field_name": "si_site_name", "success": true, "rule": "text_min_len", "value": "ccccccccccccccccccccccccccccccccccccc", "param": 3, "err_no": "", "err_msg": ""}, {"web_field_name": "si_site_name", "success": false, "rule": "text_max_len", "value": "ccccccccccccccccccccccccccccccccccccc", "param": 20, "err_no": "VAL_040", "err_msg": "Value [ccccccccccccccccccccccccccccccccccccc] should be max length of 20, but actual length is 37"}, {"web_field_name": "si_site_desc", "success": true, "rule": "required", "value": "abc2", "param": false, "err_no": "", "err_msg": ""}, {"web_field_name": "si_site_desc", "success": true, "rule": "text_max_len", "value": "abc2", "param": 200, "err_no": "", "err_msg": ""}, {"web_field_name": "si_site_code", "success": true, "rule": "required", "value": "abc3", "param": true, "err_no": "", "err_msg": ""}, {"web_field_name": "si_site_code", "success": true, "rule": "text_max_len", "value": "abc3", "param": 5, "err_no": "", "err_msg": ""}]}
[34m2023-10-27,23:27:30 [0m[34mdata_ui_model.py::_data_validate[147] [DEBUG]:[0m****:{"success": false, "validations": [{"web_field_name": "si_site_name", "success": true, "rule": "required", "value": "ccccccccccccccccccccccccccccccccccccc", "param": true, "err_no": "", "err_msg": ""}, {"web_field_name": "si_site_name", "success": true, "rule": "text_min_len", "value": "ccccccccccccccccccccccccccccccccccccc", "param": 3, "err_no": "", "err_msg": ""}, {"web_field_name": "si_site_name", "success": false, "rule": "text_max_len", "value": "ccccccccccccccccccccccccccccccccccccc", "param": 20, "err_no": "VAL_040", "err_msg": "Value [ccccccccccccccccccccccccccccccccccccc] should be max length of 20, but actual length is 37"}, {"web_field_name": "si_site_desc", "success": true, "rule": "required", "value": "abc2", "param": false, "err_no": "", "err_msg": ""}, {"web_field_name": "si_site_desc", "success": true, "rule": "text_max_len", "value": "abc2", "param": 200, "err_no": "", "err_msg": ""}, {"web_field_name": "si_site_code", "success": true, "rule": "required", "value": "abc3", "param": true, "err_no": "", "err_msg": ""}, {"web_field_name": "si_site_code", "success": true, "rule": "text_max_len", "value": "abc3", "param": 5, "err_no": "", "err_msg": ""}]}
[34m2023-10-27,23:27:30 [0m[34mtest_zwebui.py::test_0030_update_record[162] [DEBUG]:[0m.
[34m2023-10-27,23:27:30 [0m[34mtest_zwebui.py::test_0030_update_record[162] [DEBUG]:[0m.
[34m2023-10-27,23:27:30 [0m[34mweb_field.py::__init__[18] [DEBUG]:[0mStored: [{"module_name": "test_zwebui", "table_obj": "SiteMain", "fields": {"si_site_id": {"field_db": "id", "key": true}, "si_site_name": {"field_db": "site_name", "validation": {"required": true, "text_min_len": 3, "text_max_len": 20}}, "si_site_code": {"field_db": "site_code", "validation": {"required": true, "text_max_len": 5}}, "si_site_desc": {"field_db": "site_desc", "validation": {"required": false, "text_max_len": 200}}}}]
[34m2023-10-27,23:27:30 [0m[34mweb_field.py::__init__[18] [DEBUG]:[0mStored: [{"module_name": "test_zwebui", "table_obj": "SiteMain", "fields": {"si_site_id": {"field_db": "id", "key": true}, "si_site_name": {"field_db": "site_name", "validation": {"required": true, "text_min_len": 3, "text_max_len": 20}}, "si_site_code": {"field_db": "site_code", "validation": {"required": true, "text_max_len": 5}}, "si_site_desc": {"field_db": "site_desc", "validation": {"required": false, "text_max_len": 200}}}}]
[34m2023-10-27,23:27:30 [0m[34mdata_ui_model.py::_data_validate[141] [DEBUG]:[0mvalidating data
[34m2023-10-27,23:27:30 [0m[34mdata_ui_model.py::_data_validate[141] [DEBUG]:[0mvalidating data
[34m2023-10-27,23:27:30 [0m[34mdata_ui_model.py::_data_validate[142] [DEBUG]:[0m[{'id': 'si_site_id', 'value': ''}, {'id': 'si_site_name', 'value': 'abc1'}, {'id': 'si_site_desc', 'value': 'abc2'}, {'id': 'si_site_code', 'value': 'abc3'}]
[34m2023-10-27,23:27:30 [0m[34mdata_ui_model.py::_data_validate[142] [DEBUG]:[0m[{'id': 'si_site_id', 'value': ''}, {'id': 'si_site_name', 'value': 'abc1'}, {'id': 'si_site_desc', 'value': 'abc2'}, {'id': 'si_site_code', 'value': 'abc3'}]
[34m2023-10-27,23:27:30 [0m?[34mzohavi.zwebui.web_field.py::WebField.validate [34m[35] [32m[FUNC CALL]:[0mARGS[(<zohavi.zwebui.web_field.WebField object at 0x7f51d8a9aef0>, [{'id': 'si_site_id', 'value': ''}, {'id': 'si_site_name', 'value': 'abc1'}, {'id': 'si_site_desc', 'value': 'abc2'}, {'id': 'si_site_code', 'value': 'abc3'}])] KWARGS[{}]
[34m2023-10-27,23:27:30 [0m?[34mzohavi.zwebui.web_field.py::WebField.validate [34m[35] [32m[FUNC CALL]:[0mARGS[(<zohavi.zwebui.web_field.WebField object at 0x7f51d8a9aef0>, [{'id': 'si_site_id', 'value': ''}, {'id': 'si_site_name', 'value': 'abc1'}, {'id': 'si_site_desc', 'value': 'abc2'}, {'id': 'si_site_code', 'value': 'abc3'}])] KWARGS[{}]
[34m2023-10-27,23:27:30 [0m[34mweb_field.py::validate[40] [DEBUG]:[0mvalidating:[{"id": "si_site_id", "value": ""}, {"id": "si_site_name", "value": "abc1"}, {"id": "si_site_desc", "value": "abc2"}, {"id": "si_site_code", "value": "abc3"}]
[34m2023-10-27,23:27:30 [0m[34mweb_field.py::validate[40] [DEBUG]:[0mvalidating:[{"id": "si_site_id", "value": ""}, {"id": "si_site_name", "value": "abc1"}, {"id": "si_site_desc", "value": "abc2"}, {"id": "si_site_code", "value": "abc3"}]
[34m2023-10-27,23:27:30 [0m[34mweb_field.py::validate[41] [DEBUG]:[0mMaster:[{"module_name": "test_zwebui", "table_obj": "SiteMain", "fields": {"si_site_id": {"field_db": "id", "key": true}, "si_site_name": {"field_db": "site_name", "validation": {"required": true, "text_min_len": 3, "text_max_len": 20}}, "si_site_code": {"field_db": "site_code", "validation": {"required": true, "text_max_len": 5}}, "si_site_desc": {"field_db": "site_desc", "validation": {"required": false, "text_max_len": 200}}}}]
[34m2023-10-27,23:27:30 [0m[34mweb_field.py::validate[41] [DEBUG]:[0mMaster:[{"module_name": "test_zwebui", "table_obj": "SiteMain", "fields": {"si_site_id": {"field_db": "id", "key": true}, "si_site_name": {"field_db": "site_name", "validation": {"required": true, "text_min_len": 3, "text_max_len": 20}}, "si_site_code": {"field_db": "site_code", "validation": {"required": true, "text_max_len": 5}}, "si_site_desc": {"field_db": "site_desc", "validation": {"required": false, "text_max_len": 200}}}}]
[34m2023-10-27,23:27:30 [0m[34mweb_field.py::validate[55] [DEBUG]:[0m Checking validation si_site_name=>[abc1] Rule:{"required": true, "text_min_len": 3, "text_max_len": 20} 
[34m2023-10-27,23:27:30 [0m[34mweb_field.py::validate[55] [DEBUG]:[0m Checking validation si_site_name=>[abc1] Rule:{"required": true, "text_min_len": 3, "text_max_len": 20} 
[34m2023-10-27,23:27:30 [0m[34mweb_field.py::_validate_run_validation_rule[86] [DEBUG]:[0m data_value=abc1; validation_rule={"required": true, "text_min_len": 3, "text_max_len": 20}
[34m2023-10-27,23:27:30 [0m[34mweb_field.py::_validate_run_validation_rule[86] [DEBUG]:[0m data_value=abc1; validation_rule={"required": true, "text_min_len": 3, "text_max_len": 20}
[34m2023-10-27,23:27:30 [0m[34mweb_field.py::_validate_run_validation_rule[102] [DEBUG]:[0mReturning validation check from :{"required": true, "text_min_len": 3, "text_max_len": 20} => True
[34m2023-10-27,23:27:30 [0m[34mweb_field.py::_validate_run_validation_rule[102] [DEBUG]:[0mReturning validation check from :{"required": true, "text_min_len": 3, "text_max_len": 20} => True
[34m2023-10-27,23:27:30 [0m[34mweb_field.py::validate[55] [DEBUG]:[0m Checking validation si_site_desc=>[abc2] Rule:{"required": false, "text_max_len": 200} 
[34m2023-10-27,23:27:30 [0m[34mweb_field.py::validate[55] [DEBUG]:[0m Checking validation si_site_desc=>[abc2] Rule:{"required": false, "text_max_len": 200} 
[34m2023-10-27,23:27:30 [0m[34mweb_field.py::_validate_run_validation_rule[86] [DEBUG]:[0m data_value=abc2; validation_rule={"required": false, "text_max_len": 200}
[34m2023-10-27,23:27:30 [0m[34mweb_field.py::_validate_run_validation_rule[86] [DEBUG]:[0m data_value=abc2; validation_rule={"required": false, "text_max_len": 200}
[34m2023-10-27,23:27:30 [0m[34mweb_field.py::_validate_run_validation_rule[102] [DEBUG]:[0mReturning validation check from :{"required": false, "text_max_len": 200} => True
[34m2023-10-27,23:27:30 [0m[34mweb_field.py::_validate_run_validation_rule[102] [DEBUG]:[0mReturning validation check from :{"required": false, "text_max_len": 200} => True
[34m2023-10-27,23:27:30 [0m[34mweb_field.py::validate[55] [DEBUG]:[0m Checking validation si_site_code=>[abc3] Rule:{"required": true, "text_max_len": 5} 
[34m2023-10-27,23:27:30 [0m[34mweb_field.py::validate[55] [DEBUG]:[0m Checking validation si_site_code=>[abc3] Rule:{"required": true, "text_max_len": 5} 
[34m2023-10-27,23:27:30 [0m[34mweb_field.py::_validate_run_validation_rule[86] [DEBUG]:[0m data_value=abc3; validation_rule={"required": true, "text_max_len": 5}
[34m2023-10-27,23:27:30 [0m[34mweb_field.py::_validate_run_validation_rule[86] [DEBUG]:[0m data_value=abc3; validation_rule={"required": true, "text_max_len": 5}
[34m2023-10-27,23:27:30 [0m[34mweb_field.py::_validate_run_validation_rule[102] [DEBUG]:[0mReturning validation check from :{"required": true, "text_max_len": 5} => True
[34m2023-10-27,23:27:30 [0m[34mweb_field.py::_validate_run_validation_rule[102] [DEBUG]:[0mReturning validation check from :{"required": true, "text_max_len": 5} => True
[34m2023-10-27,23:27:30 [0m[34mdata_ui_model.py::_data_validate[145] [DEBUG]:[0mValidation checks completed - result: passed
[34m2023-10-27,23:27:30 [0m[34mdata_ui_model.py::_data_validate[145] [DEBUG]:[0mValidation checks completed - result: passed
[34m2023-10-27,23:27:30 [0m[34mdata_ui_model.py::_data_validate[147] [DEBUG]:[0m****:{"success": true, "validations": [{"web_field_name": "si_site_name", "success": true, "rule": "required", "value": "abc1", "param": true, "err_no": "", "err_msg": ""}, {"web_field_name": "si_site_name", "success": true, "rule": "text_min_len", "value": "abc1", "param": 3, "err_no": "", "err_msg": ""}, {"web_field_name": "si_site_name", "success": true, "rule": "text_max_len", "value": "abc1", "param": 20, "err_no": "", "err_msg": ""}, {"web_field_name": "si_site_desc", "success": true, "rule": "required", "value": "abc2", "param": false, "err_no": "", "err_msg": ""}, {"web_field_name": "si_site_desc", "success": true, "rule": "text_max_len", "value": "abc2", "param": 200, "err_no": "", "err_msg": ""}, {"web_field_name": "si_site_code", "success": true, "rule": "required", "value": "abc3", "param": true, "err_no": "", "err_msg": ""}, {"web_field_name": "si_site_code", "success": true, "rule": "text_max_len", "value": "abc3", "param": 5, "err_no": "", "err_msg": ""}]}
[34m2023-10-27,23:27:30 [0m[34mdata_ui_model.py::_data_validate[147] [DEBUG]:[0m****:{"success": true, "validations": [{"web_field_name": "si_site_name", "success": true, "rule": "required", "value": "abc1", "param": true, "err_no": "", "err_msg": ""}, {"web_field_name": "si_site_name", "success": true, "rule": "text_min_len", "value": "abc1", "param": 3, "err_no": "", "err_msg": ""}, {"web_field_name": "si_site_name", "success": true, "rule": "text_max_len", "value": "abc1", "param": 20, "err_no": "", "err_msg": ""}, {"web_field_name": "si_site_desc", "success": true, "rule": "required", "value": "abc2", "param": false, "err_no": "", "err_msg": ""}, {"web_field_name": "si_site_desc", "success": true, "rule": "text_max_len", "value": "abc2", "param": 200, "err_no": "", "err_msg": ""}, {"web_field_name": "si_site_code", "success": true, "rule": "required", "value": "abc3", "param": true, "err_no": "", "err_msg": ""}, {"web_field_name": "si_site_code", "success": true, "rule": "text_max_len", "value": "abc3", "param": 5, "err_no": "", "err_msg": ""}]}
[34m2023-10-27,23:27:30 [0m[34mdata_ui_model.py::data_get_table_fields[397] [DEBUG]:[0mfields: {'keys': {}, 'fields': {'site_name': 'abc1', 'site_code': 'abc3', 'site_desc': 'abc2'}}
[34m2023-10-27,23:27:30 [0m[34mdata_ui_model.py::data_get_table_fields[397] [DEBUG]:[0mfields: {'keys': {}, 'fields': {'site_name': 'abc1', 'site_code': 'abc3', 'site_desc': 'abc2'}}
[34m2023-10-27,23:27:30 [0m[34mdata_ui_model.py::data_process[261] [DEBUG]:[0mModify table: test_zwebui::SiteMain with search keys {}
[34m2023-10-27,23:27:30 [0m[34mdata_ui_model.py::data_process[261] [DEBUG]:[0mModify table: test_zwebui::SiteMain with search keys {}
[34m2023-10-27,23:27:30 [0m[34mtest_zwebui.py::test_0040_update_record_with_missing_fields[179] [DEBUG]:[0m.
[34m2023-10-27,23:27:30 [0m[34mtest_zwebui.py::test_0040_update_record_with_missing_fields[179] [DEBUG]:[0m.
[34m2023-10-27,23:27:30 [0m[34mweb_field.py::__init__[18] [DEBUG]:[0mStored: [{"module_name": "test_zwebui", "table_obj": "SiteMain", "fields": {"si_site_id": {"field_db": "id", "key": true}, "si_site_name": {"field_db": "site_name", "validation": {"required": true, "text_min_len": 3, "text_max_len": 20}}, "si_site_code": {"field_db": "site_code", "validation": {"required": true, "text_max_len": 5}}, "si_site_desc": {"field_db": "site_desc", "validation": {"required": false, "text_max_len": 200}}}}]
[34m2023-10-27,23:27:30 [0m[34mweb_field.py::__init__[18] [DEBUG]:[0mStored: [{"module_name": "test_zwebui", "table_obj": "SiteMain", "fields": {"si_site_id": {"field_db": "id", "key": true}, "si_site_name": {"field_db": "site_name", "validation": {"required": true, "text_min_len": 3, "text_max_len": 20}}, "si_site_code": {"field_db": "site_code", "validation": {"required": true, "text_max_len": 5}}, "si_site_desc": {"field_db": "site_desc", "validation": {"required": false, "text_max_len": 200}}}}]
[34m2023-10-27,23:27:30 [0m[31mdata_ui_model.py::_data_process_ajax[226] [ERROR]:[0mNo data given
[34m2023-10-27,23:27:30 [0m[31mdata_ui_model.py::_data_process_ajax[226] [ERROR]:[0mNo data given
[34m2023-10-27,23:33:10 [0m[34mweb_field.py::__init__[21] [DEBUG]:[0mStored: [{"module_name": "test_wc", "table_obj": "SiteEnv", "fields": {"si_env_id": {"field_db": "id", "key": true}, "si_env_cs": {"field_db": "env_cs", "validation": {"required": true}}, "si_env_authlogon": {"field_db": "env_authlogon", "validation": {"required": true}}, "si_env_authsite_name": {"field_db": "env_authsite_name", "validation": {"required": false, "text_min_len": 4, "text_max_len": 10}}, "si_env_authmethod": {"field_db": "env_auth_method", "validation": {"required": false}}}}]
[34m2023-10-27,23:33:10 [0m[34mweb_field.py::__init__[21] [DEBUG]:[0mStored: [{"module_name": "test_wc", "table_obj": "SiteEnv", "fields": {"si_env_id": {"field_db": "id", "key": true}, "si_env_cs": {"field_db": "env_cs", "validation": {"required": true}}, "si_env_authlogon": {"field_db": "env_authlogon", "validation": {"required": true}}, "si_env_authsite_name": {"field_db": "env_authsite_name", "validation": {"required": false, "text_min_len": 4, "text_max_len": 10}}, "si_env_authmethod": {"field_db": "env_auth_method", "validation": {"required": false}}}}]
[34m2023-10-27,23:33:35 [0m[34mweb_field.py::__init__[21] [DEBUG]:[0mStored: [{"module_name": "test_wc", "table_obj": "SiteEnv", "fields": {"si_env_id": {"field_db": "id", "key": true}, "si_env_cs": {"field_db": "env_cs", "validation": {"required": true}}, "si_env_authlogon": {"field_db": "env_authlogon", "validation": {"required": true}}, "si_env_authsite_name": {"field_db": "env_authsite_name", "validation": {"required": false, "text_min_len": 4, "text_max_len": 10}}, "si_env_authmethod": {"field_db": "env_auth_method", "validation": {"required": false}}}}]
[34m2023-10-27,23:33:42 [0m[34mweb_field.py::__init__[21] [DEBUG]:[0mStored: [{"module_name": "test_wc", "table_obj": "Login", "fields": {"i_username": {"field_db": "username", "key": true}, "i_password": {"field_db": "password", "validation": {"required": true, "text_min_len": 3, "text_max_len": 20}}}}]
[34m2023-10-27,23:33:42 [0m[34mweb_field.py::__init__[21] [DEBUG]:[0mStored: [{"module_name": "test_wc", "table_obj": "SiteEnv", "fields": {"si_env_id": {"field_db": "id", "key": true}, "si_env_cs": {"field_db": "env_cs", "validation": {"required": true}}, "si_env_authlogon": {"field_db": "env_authlogon", "validation": {"required": true}}, "si_env_authsite_name": {"field_db": "env_authsite_name", "validation": {"required": false, "text_min_len": 4, "text_max_len": 10}}, "si_env_authmethod": {"field_db": "env_auth_method", "validation": {"required": false}}}}]
[34m2023-10-27,23:33:42 [0m[34mweb_field.py::__init__[21] [DEBUG]:[0mStored: [{"module_name": "test_wc", "table_obj": "SiteEnv", "fields": {"si_env_id": {"field_db": "id", "key": true}, "si_env_cs": {"field_db": "env_cs", "validation": {"required": true}}, "si_env_authlogon": {"field_db": "env_authlogon", "validation": {"required": true}}, "si_env_authsite_name": {"field_db": "env_authsite_name", "validation": {"required": false, "text_min_len": 4, "text_max_len": 10}}, "si_env_authmethod": {"field_db": "env_auth_method", "validation": {"required": false}}}}]
[34m2023-10-27,23:35:10 [0m[34mweb_field.py::__init__[21] [DEBUG]:[0mStored: [{"module_name": "test_wc", "table_obj": "SiteEnv", "fields": {"si_env_id": {"field_db": "id", "key": true}, "si_env_cs": {"field_db": "env_cs", "validation": {"required": true}}, "si_env_authlogon": {"field_db": "env_authlogon", "validation": {"required": true}}, "si_env_authsite_name": {"field_db": "env_authsite_name", "validation": {"required": false, "text_min_len": 4, "text_max_len": 10}}, "si_env_authmethod": {"field_db": "env_auth_method", "validation": {"required": false}}}}]
[34m2023-10-27,23:35:11 [0m[34mweb_field.py::__init__[21] [DEBUG]:[0mStored: [{"module_name": "test_wc", "table_obj": "Login", "fields": {"i_username": {"field_db": "username", "key": true}, "i_password": {"field_db": "password", "validation": {"required": true, "text_min_len": 3, "text_max_len": 20}}}}]
[34m2023-10-27,23:35:11 [0m[34mweb_field.py::__init__[21] [DEBUG]:[0mStored: [{"module_name": "test_wc", "table_obj": "SiteEnv", "fields": {"si_env_id": {"field_db": "id", "key": true}, "si_env_cs": {"field_db": "env_cs", "validation": {"required": true}}, "si_env_authlogon": {"field_db": "env_authlogon", "validation": {"required": true}}, "si_env_authsite_name": {"field_db": "env_authsite_name", "validation": {"required": false, "text_min_len": 4, "text_max_len": 10}}, "si_env_authmethod": {"field_db": "env_auth_method", "validation": {"required": false}}}}]
[34m2023-10-27,23:35:11 [0m[34mweb_field.py::__init__[21] [DEBUG]:[0mStored: [{"module_name": "test_wc", "table_obj": "SiteEnv", "fields": {"si_env_id": {"field_db": "id", "key": true}, "si_env_cs": {"field_db": "env_cs", "validation": {"required": true}}, "si_env_authlogon": {"field_db": "env_authlogon", "validation": {"required": true}}, "si_env_authsite_name": {"field_db": "env_authsite_name", "validation": {"required": false, "text_min_len": 4, "text_max_len": 10}}, "si_env_authmethod": {"field_db": "env_auth_method", "validation": {"required": false}}}}]
[34m2023-10-27,23:36:53 [0m[34mweb_field.py::__init__[21] [DEBUG]:[0mStored: [{"module_name": "test_wc", "table_obj": "SiteEnv", "fields": {"si_env_id": {"field_db": "id", "key": true}, "si_env_cs": {"field_db": "env_cs", "validation": {"required": true}}, "si_env_authlogon": {"field_db": "env_authlogon", "validation": {"required": true}}, "si_env_authsite_name": {"field_db": "env_authsite_name", "validation": {"required": false, "text_min_len": 4, "text_max_len": 10}}, "si_env_authmethod": {"field_db": "env_auth_method", "validation": {"required": false}}}}]
[34m2023-10-28,06:06:55 [0m[34mweb_field.py::__init__[21] [DEBUG]:[0mStored: [{"module_name": "test_wc", "table_obj": "SiteEnv", "fields": {"si_env_id": {"field_db": "id", "key": true}, "si_env_cs": {"field_db": "env_cs", "validation": {"required": true}}, "si_env_authlogon": {"field_db": "env_authlogon", "validation": {"required": true}}, "si_env_authsite_name": {"field_db": "env_authsite_name", "validation": {"required": false, "text_min_len": 4, "text_max_len": 10}}, "si_env_authmethod": {"field_db": "env_auth_method", "validation": {"required": false}}}}]
[34m2023-10-28,06:09:13 [0m[34mweb_field.py::__init__[21] [DEBUG]:[0mStored: [{"module_name": "test_wc", "table_obj": "SiteEnv", "fields": {"si_env_id": {"field_db": "id", "key": true}, "si_env_cs": {"field_db": "env_cs", "validation": {"required": true}}, "si_env_authlogon": {"field_db": "env_authlogon", "validation": {"required": true}}, "si_env_authsite_name": {"field_db": "env_authsite_name", "validation": {"required": false, "text_min_len": 4, "text_max_len": 10}}, "si_env_authmethod": {"field_db": "env_auth_method", "validation": {"required": false}}}}]
[34m2023-10-28,06:10:20 [0m[34mweb_field.py::__init__[21] [DEBUG]:[0mStored: [{"module_name": "test_wc", "table_obj": "SiteEnv", "fields": {"si_env_id": {"field_db": "id", "key": true}, "si_env_cs": {"field_db": "env_cs", "validation": {"required": true}}, "si_env_authlogon": {"field_db": "env_authlogon", "validation": {"required": true}}, "si_env_authsite_name": {"field_db": "env_authsite_name", "validation": {"required": false, "text_min_len": 4, "text_max_len": 10}}, "si_env_authmethod": {"field_db": "env_auth_method", "validation": {"required": false}}}}]
[34m2023-10-28,06:10:40 [0m[34mweb_field.py::__init__[21] [DEBUG]:[0mStored: [{"module_name": "test_wc", "table_obj": "SiteEnv", "fields": {"si_env_id": {"field_db": "id", "key": true}, "si_env_cs": {"field_db": "env_cs", "validation": {"required": true}}, "si_env_authlogon": {"field_db": "env_authlogon", "validation": {"required": true}}, "si_env_authsite_name": {"field_db": "env_authsite_name", "validation": {"required": false, "text_min_len": 4, "text_max_len": 10}}, "si_env_authmethod": {"field_db": "env_auth_method", "validation": {"required": false}}}}]
