[34m2023-10-25,15:25:01 [0m[34mweb_field.py::__init__[18] [DEBUG]:[0mStored: [{"module_name": "test_wc", "table_obj": "SiteEnv", "fields": {"si_env_id": {"field_db": "id", "key": true}, "si_env_cs": {"field_db": "env_cs", "validation": {"required": true}}, "si_env_authlogon": {"field_db": "env_authlogon", "validation": {"required": true}}, "si_env_authsite_name": {"field_db": "env_authsite_name", "validation": {"required": false, "text_min_len": 4, "text_max_len": 10}}, "si_env_authmethod": {"field_db": "env_auth_method", "validation": {"required": false}}}}]
